/Users/huymac/工作/数智/LegacyGraph/backend/src/main/java/io/github/legacygraph/LegacyGraphApplication.java
/Users/huymac/工作/数智/LegacyGraph/backend/src/main/java/io/github/legacygraph/agent/CodeFactAgent.java
/Users/huymac/工作/数智/LegacyGraph/backend/src/main/java/io/github/legacygraph/agent/DocUnderstandingAgent.java
/Users/huymac/工作/数智/LegacyGraph/backend/src/main/java/io/github/legacygraph/agent/FeatureMappingAgent.java
/Users/huymac/工作/数智/LegacyGraph/backend/src/main/java/io/github/legacygraph/agent/GraphMergeAgent.java
/Users/huymac/工作/数智/LegacyGraph/backend/src/main/java/io/github/legacygraph/agent/ReviewAgent.java
/Users/huymac/工作/数智/LegacyGraph/backend/src/main/java/io/github/legacygraph/agent/TestCaseAgent.java
/Users/huymac/工作/数智/LegacyGraph/backend/src/main/java/io/github/legacygraph/annotation/Log.java
/Users/huymac/工作/数智/LegacyGraph/backend/src/main/java/io/github/legacygraph/aspect/LogAspect.java
/Users/huymac/工作/数智/LegacyGraph/backend/src/main/java/io/github/legacygraph/builder/BusinessGraphBuilder.java
/Users/huymac/工作/数智/LegacyGraph/backend/src/main/java/io/github/legacygraph/builder/FrontendGraphBuilder.java
/Users/huymac/工作/数智/LegacyGraph/backend/src/main/java/io/github/legacygraph/builder/GraphBuilder.java
/Users/huymac/工作/数智/LegacyGraph/backend/src/main/java/io/github/legacygraph/common/EdgeType.java
/Users/huymac/工作/数智/LegacyGraph/backend/src/main/java/io/github/legacygraph/common/ErrorCode.java
/Users/huymac/工作/数智/LegacyGraph/backend/src/main/java/io/github/legacygraph/common/NodeStatus.java
/Users/huymac/工作/数智/LegacyGraph/backend/src/main/java/io/github/legacygraph/common/NodeType.java
/Users/huymac/工作/数智/LegacyGraph/backend/src/main/java/io/github/legacygraph/common/PageQuery.java
/Users/huymac/工作/数智/LegacyGraph/backend/src/main/java/io/github/legacygraph/common/PageResult.java
/Users/huymac/工作/数智/LegacyGraph/backend/src/main/java/io/github/legacygraph/common/Result.java
/Users/huymac/工作/数智/LegacyGraph/backend/src/main/java/io/github/legacygraph/common/SourceType.java
/Users/huymac/工作/数智/LegacyGraph/backend/src/main/java/io/github/legacygraph/common/TaskStatus.java
/Users/huymac/工作/数智/LegacyGraph/backend/src/main/java/io/github/legacygraph/config/AsyncConfig.java
/Users/huymac/工作/数智/LegacyGraph/backend/src/main/java/io/github/legacygraph/config/JacksonConfig.java
/Users/huymac/工作/数智/LegacyGraph/backend/src/main/java/io/github/legacygraph/config/LlmConfig.java
/Users/huymac/工作/数智/LegacyGraph/backend/src/main/java/io/github/legacygraph/config/MinioConfig.java
/Users/huymac/工作/数智/LegacyGraph/backend/src/main/java/io/github/legacygraph/config/MybatisPlusConfig.java
/Users/huymac/工作/数智/LegacyGraph/backend/src/main/java/io/github/legacygraph/config/Neo4jConfig.java
/Users/huymac/工作/数智/LegacyGraph/backend/src/main/java/io/github/legacygraph/config/SecurityConfig.java
/Users/huymac/工作/数智/LegacyGraph/backend/src/main/java/io/github/legacygraph/config/WebMvcConfig.java
/Users/huymac/工作/数智/LegacyGraph/backend/src/main/java/io/github/legacygraph/controller/AuditLogController.java
/Users/huymac/工作/数智/LegacyGraph/backend/src/main/java/io/github/legacygraph/controller/AuthController.java
/Users/huymac/工作/数智/LegacyGraph/backend/src/main/java/io/github/legacygraph/controller/FactController.java
/Users/huymac/工作/数智/LegacyGraph/backend/src/main/java/io/github/legacygraph/controller/GraphQueryController.java
/Users/huymac/工作/数智/LegacyGraph/backend/src/main/java/io/github/legacygraph/controller/LlmAgentController.java
/Users/huymac/工作/数智/LegacyGraph/backend/src/main/java/io/github/legacygraph/controller/ProjectController.java
/Users/huymac/工作/数智/LegacyGraph/backend/src/main/java/io/github/legacygraph/controller/ReportController.java
/Users/huymac/工作/数智/LegacyGraph/backend/src/main/java/io/github/legacygraph/controller/ReportExportController.java
/Users/huymac/工作/数智/LegacyGraph/backend/src/main/java/io/github/legacygraph/controller/ReviewController.java
/Users/huymac/工作/数智/LegacyGraph/backend/src/main/java/io/github/legacygraph/controller/ScanController.java
/Users/huymac/工作/数智/LegacyGraph/backend/src/main/java/io/github/legacygraph/controller/SourceController.java
/Users/huymac/工作/数智/LegacyGraph/backend/src/main/java/io/github/legacygraph/controller/SystemController.java
/Users/huymac/工作/数智/LegacyGraph/backend/src/main/java/io/github/legacygraph/controller/TestCaseController.java
/Users/huymac/工作/数智/LegacyGraph/backend/src/main/java/io/github/legacygraph/controller/ValidationController.java
/Users/huymac/工作/数智/LegacyGraph/backend/src/main/java/io/github/legacygraph/controller/VectorController.java
/Users/huymac/工作/数智/LegacyGraph/backend/src/main/java/io/github/legacygraph/dto/CreateCodeRepoRequest.java
/Users/huymac/工作/数智/LegacyGraph/backend/src/main/java/io/github/legacygraph/dto/CreateDbConnectionRequest.java
/Users/huymac/工作/数智/LegacyGraph/backend/src/main/java/io/github/legacygraph/dto/CreateProjectRequest.java
/Users/huymac/工作/数智/LegacyGraph/backend/src/main/java/io/github/legacygraph/dto/CreateScanVersionRequest.java
/Users/huymac/工作/数智/LegacyGraph/backend/src/main/java/io/github/legacygraph/dto/FactExtractionResult.java
/Users/huymac/工作/数智/LegacyGraph/backend/src/main/java/io/github/legacygraph/dto/GenerateTestCasesRequest.java
/Users/huymac/工作/数智/LegacyGraph/backend/src/main/java/io/github/legacygraph/dto/GeneratedTestCase.java
/Users/huymac/工作/数智/LegacyGraph/backend/src/main/java/io/github/legacygraph/dto/GraphMergeDecision.java
/Users/huymac/工作/数智/LegacyGraph/backend/src/main/java/io/github/legacygraph/dto/LoginRequest.java
/Users/huymac/工作/数智/LegacyGraph/backend/src/main/java/io/github/legacygraph/dto/LoginResponse.java
/Users/huymac/工作/数智/LegacyGraph/backend/src/main/java/io/github/legacygraph/dto/ReviewConfirmRequest.java
/Users/huymac/工作/数智/LegacyGraph/backend/src/main/java/io/github/legacygraph/dto/ScanProgressResponse.java
/Users/huymac/工作/数智/LegacyGraph/backend/src/main/java/io/github/legacygraph/dto/StartTestRunRequest.java
/Users/huymac/工作/数智/LegacyGraph/backend/src/main/java/io/github/legacygraph/dto/report/ConfidenceTrendReport.java
/Users/huymac/工作/数智/LegacyGraph/backend/src/main/java/io/github/legacygraph/dto/report/GraphQualityReport.java
/Users/huymac/工作/数智/LegacyGraph/backend/src/main/java/io/github/legacygraph/dto/report/MigrationReadinessReport.java
/Users/huymac/工作/数智/LegacyGraph/backend/src/main/java/io/github/legacygraph/dto/report/TestCoverageReport.java
/Users/huymac/工作/数智/LegacyGraph/backend/src/main/java/io/github/legacygraph/entity/AuditLog.java
/Users/huymac/工作/数智/LegacyGraph/backend/src/main/java/io/github/legacygraph/entity/CodeRepo.java
/Users/huymac/工作/数智/LegacyGraph/backend/src/main/java/io/github/legacygraph/entity/DbConnection.java
/Users/huymac/工作/数智/LegacyGraph/backend/src/main/java/io/github/legacygraph/entity/DocChunk.java
/Users/huymac/工作/数智/LegacyGraph/backend/src/main/java/io/github/legacygraph/entity/Document.java
/Users/huymac/工作/数智/LegacyGraph/backend/src/main/java/io/github/legacygraph/entity/EdgeEvidence.java
/Users/huymac/工作/数智/LegacyGraph/backend/src/main/java/io/github/legacygraph/entity/Evidence.java
/Users/huymac/工作/数智/LegacyGraph/backend/src/main/java/io/github/legacygraph/entity/Fact.java
/Users/huymac/工作/数智/LegacyGraph/backend/src/main/java/io/github/legacygraph/entity/GraphEdge.java
/Users/huymac/工作/数智/LegacyGraph/backend/src/main/java/io/github/legacygraph/entity/GraphNode.java
/Users/huymac/工作/数智/LegacyGraph/backend/src/main/java/io/github/legacygraph/entity/LlmProvider.java
/Users/huymac/工作/数智/LegacyGraph/backend/src/main/java/io/github/legacygraph/entity/MigrationRisk.java
/Users/huymac/工作/数智/LegacyGraph/backend/src/main/java/io/github/legacygraph/entity/NodeEvidence.java
/Users/huymac/工作/数智/LegacyGraph/backend/src/main/java/io/github/legacygraph/entity/Project.java
/Users/huymac/工作/数智/LegacyGraph/backend/src/main/java/io/github/legacygraph/entity/PromptRun.java
/Users/huymac/工作/数智/LegacyGraph/backend/src/main/java/io/github/legacygraph/entity/PromptTemplate.java
/Users/huymac/工作/数智/LegacyGraph/backend/src/main/java/io/github/legacygraph/entity/Report.java
/Users/huymac/工作/数智/LegacyGraph/backend/src/main/java/io/github/legacygraph/entity/ReviewRecord.java
/Users/huymac/工作/数智/LegacyGraph/backend/src/main/java/io/github/legacygraph/entity/ScanTask.java
/Users/huymac/工作/数智/LegacyGraph/backend/src/main/java/io/github/legacygraph/entity/ScanVersion.java
/Users/huymac/工作/数智/LegacyGraph/backend/src/main/java/io/github/legacygraph/entity/SysConfig.java
/Users/huymac/工作/数智/LegacyGraph/backend/src/main/java/io/github/legacygraph/entity/SysDict.java
/Users/huymac/工作/数智/LegacyGraph/backend/src/main/java/io/github/legacygraph/entity/SysDictItem.java
/Users/huymac/工作/数智/LegacyGraph/backend/src/main/java/io/github/legacygraph/entity/SysRole.java
/Users/huymac/工作/数智/LegacyGraph/backend/src/main/java/io/github/legacygraph/entity/SysUser.java
/Users/huymac/工作/数智/LegacyGraph/backend/src/main/java/io/github/legacygraph/entity/SysUserRole.java
/Users/huymac/工作/数智/LegacyGraph/backend/src/main/java/io/github/legacygraph/entity/TestAssertion.java
/Users/huymac/工作/数智/LegacyGraph/backend/src/main/java/io/github/legacygraph/entity/TestCase.java
/Users/huymac/工作/数智/LegacyGraph/backend/src/main/java/io/github/legacygraph/entity/TestResult.java
/Users/huymac/工作/数智/LegacyGraph/backend/src/main/java/io/github/legacygraph/entity/TestRun.java
/Users/huymac/工作/数智/LegacyGraph/backend/src/main/java/io/github/legacygraph/entity/VectorDocument.java
/Users/huymac/工作/数智/LegacyGraph/backend/src/main/java/io/github/legacygraph/exception/BusinessException.java
/Users/huymac/工作/数智/LegacyGraph/backend/src/main/java/io/github/legacygraph/exception/GlobalExceptionHandler.java
/Users/huymac/工作/数智/LegacyGraph/backend/src/main/java/io/github/legacygraph/extractors/DatabaseMetadataExtractor.java
/Users/huymac/工作/数智/LegacyGraph/backend/src/main/java/io/github/legacygraph/extractors/DocumentExtractor.java
/Users/huymac/工作/数智/LegacyGraph/backend/src/main/java/io/github/legacygraph/extractors/FrontendApiExtractor.java
/Users/huymac/工作/数智/LegacyGraph/backend/src/main/java/io/github/legacygraph/extractors/JavaControllerExtractor.java
/Users/huymac/工作/数智/LegacyGraph/backend/src/main/java/io/github/legacygraph/extractors/MyBatisXmlExtractor.java
/Users/huymac/工作/数智/LegacyGraph/backend/src/main/java/io/github/legacygraph/extractors/ServiceCallExtractor.java
/Users/huymac/工作/数智/LegacyGraph/backend/src/main/java/io/github/legacygraph/extractors/SqlTableExtractor.java
/Users/huymac/工作/数智/LegacyGraph/backend/src/main/java/io/github/legacygraph/extractors/VueRouteExtractor.java
/Users/huymac/工作/数智/LegacyGraph/backend/src/main/java/io/github/legacygraph/filter/JwtAuthenticationFilter.java
/Users/huymac/工作/数智/LegacyGraph/backend/src/main/java/io/github/legacygraph/llm/LlmGateway.java
/Users/huymac/工作/数智/LegacyGraph/backend/src/main/java/io/github/legacygraph/llm/PiiMaskingService.java
/Users/huymac/工作/数智/LegacyGraph/backend/src/main/java/io/github/legacygraph/llm/PromptTemplateLoader.java
/Users/huymac/工作/数智/LegacyGraph/backend/src/main/java/io/github/legacygraph/model/ApiFact.java
/Users/huymac/工作/数智/LegacyGraph/backend/src/main/java/io/github/legacygraph/model/FrontendPageFact.java
/Users/huymac/工作/数智/LegacyGraph/backend/src/main/java/io/github/legacygraph/model/MapperSqlFact.java
/Users/huymac/工作/数智/LegacyGraph/backend/src/main/java/io/github/legacygraph/repository/AuditLogRepository.java
/Users/huymac/工作/数智/LegacyGraph/backend/src/main/java/io/github/legacygraph/repository/CodeRepoRepository.java
/Users/huymac/工作/数智/LegacyGraph/backend/src/main/java/io/github/legacygraph/repository/DbConnectionRepository.java
/Users/huymac/工作/数智/LegacyGraph/backend/src/main/java/io/github/legacygraph/repository/DocChunkRepository.java
/Users/huymac/工作/数智/LegacyGraph/backend/src/main/java/io/github/legacygraph/repository/DocumentRepository.java
/Users/huymac/工作/数智/LegacyGraph/backend/src/main/java/io/github/legacygraph/repository/EdgeEvidenceRepository.java
/Users/huymac/工作/数智/LegacyGraph/backend/src/main/java/io/github/legacygraph/repository/EvidenceRepository.java
/Users/huymac/工作/数智/LegacyGraph/backend/src/main/java/io/github/legacygraph/repository/FactRepository.java
/Users/huymac/工作/数智/LegacyGraph/backend/src/main/java/io/github/legacygraph/repository/GraphEdgeRepository.java
/Users/huymac/工作/数智/LegacyGraph/backend/src/main/java/io/github/legacygraph/repository/GraphNodeRepository.java
/Users/huymac/工作/数智/LegacyGraph/backend/src/main/java/io/github/legacygraph/repository/LegacyBaseMapper.java
/Users/huymac/工作/数智/LegacyGraph/backend/src/main/java/io/github/legacygraph/repository/LlmProviderRepository.java
/Users/huymac/工作/数智/LegacyGraph/backend/src/main/java/io/github/legacygraph/repository/MigrationRiskRepository.java
/Users/huymac/工作/数智/LegacyGraph/backend/src/main/java/io/github/legacygraph/repository/NodeEvidenceRepository.java
/Users/huymac/工作/数智/LegacyGraph/backend/src/main/java/io/github/legacygraph/repository/ProjectRepository.java
/Users/huymac/工作/数智/LegacyGraph/backend/src/main/java/io/github/legacygraph/repository/PromptRunRepository.java
/Users/huymac/工作/数智/LegacyGraph/backend/src/main/java/io/github/legacygraph/repository/PromptTemplateRepository.java
/Users/huymac/工作/数智/LegacyGraph/backend/src/main/java/io/github/legacygraph/repository/ReportRepository.java
/Users/huymac/工作/数智/LegacyGraph/backend/src/main/java/io/github/legacygraph/repository/ReviewRecordRepository.java
/Users/huymac/工作/数智/LegacyGraph/backend/src/main/java/io/github/legacygraph/repository/ScanTaskRepository.java
/Users/huymac/工作/数智/LegacyGraph/backend/src/main/java/io/github/legacygraph/repository/ScanVersionRepository.java
/Users/huymac/工作/数智/LegacyGraph/backend/src/main/java/io/github/legacygraph/repository/SysConfigRepository.java
/Users/huymac/工作/数智/LegacyGraph/backend/src/main/java/io/github/legacygraph/repository/SysDictItemRepository.java
/Users/huymac/工作/数智/LegacyGraph/backend/src/main/java/io/github/legacygraph/repository/SysDictRepository.java
/Users/huymac/工作/数智/LegacyGraph/backend/src/main/java/io/github/legacygraph/repository/SysRoleRepository.java
/Users/huymac/工作/数智/LegacyGraph/backend/src/main/java/io/github/legacygraph/repository/SysUserRepository.java
/Users/huymac/工作/数智/LegacyGraph/backend/src/main/java/io/github/legacygraph/repository/SysUserRoleRepository.java
/Users/huymac/工作/数智/LegacyGraph/backend/src/main/java/io/github/legacygraph/repository/TestAssertionRepository.java
/Users/huymac/工作/数智/LegacyGraph/backend/src/main/java/io/github/legacygraph/repository/TestCaseRepository.java
/Users/huymac/工作/数智/LegacyGraph/backend/src/main/java/io/github/legacygraph/repository/TestResultRepository.java
/Users/huymac/工作/数智/LegacyGraph/backend/src/main/java/io/github/legacygraph/repository/TestRunRepository.java
/Users/huymac/工作/数智/LegacyGraph/backend/src/main/java/io/github/legacygraph/repository/VectorDocumentRepository.java
/Users/huymac/工作/数智/LegacyGraph/backend/src/main/java/io/github/legacygraph/service/AuditLogService.java
/Users/huymac/工作/数智/LegacyGraph/backend/src/main/java/io/github/legacygraph/service/GraphMergeService.java
/Users/huymac/工作/数智/LegacyGraph/backend/src/main/java/io/github/legacygraph/service/GraphQueryService.java
/Users/huymac/工作/数智/LegacyGraph/backend/src/main/java/io/github/legacygraph/service/GraphValidatorService.java
/Users/huymac/工作/数智/LegacyGraph/backend/src/main/java/io/github/legacygraph/service/Neo4jSyncService.java
/Users/huymac/工作/数智/LegacyGraph/backend/src/main/java/io/github/legacygraph/service/ProjectService.java
/Users/huymac/工作/数智/LegacyGraph/backend/src/main/java/io/github/legacygraph/service/ReportExportService.java
/Users/huymac/工作/数智/LegacyGraph/backend/src/main/java/io/github/legacygraph/service/ReportingService.java
/Users/huymac/工作/数智/LegacyGraph/backend/src/main/java/io/github/legacygraph/service/ScanVersionService.java
/Users/huymac/工作/数智/LegacyGraph/backend/src/main/java/io/github/legacygraph/service/SysConfigService.java
/Users/huymac/工作/数智/LegacyGraph/backend/src/main/java/io/github/legacygraph/service/SysDictService.java
/Users/huymac/工作/数智/LegacyGraph/backend/src/main/java/io/github/legacygraph/service/SysUserService.java
/Users/huymac/工作/数智/LegacyGraph/backend/src/main/java/io/github/legacygraph/service/TestCaseService.java
/Users/huymac/工作/数智/LegacyGraph/backend/src/main/java/io/github/legacygraph/service/TestResultUpdateService.java
/Users/huymac/工作/数智/LegacyGraph/backend/src/main/java/io/github/legacygraph/service/VectorRetrievalService.java
/Users/huymac/工作/数智/LegacyGraph/backend/src/main/java/io/github/legacygraph/service/VectorizationService.java
/Users/huymac/工作/数智/LegacyGraph/backend/src/main/java/io/github/legacygraph/task/ProjectScanner.java
/Users/huymac/工作/数智/LegacyGraph/backend/src/main/java/io/github/legacygraph/task/TestExecutionScheduler.java
/Users/huymac/工作/数智/LegacyGraph/backend/src/main/java/io/github/legacygraph/test/ApiTestExecutor.java
/Users/huymac/工作/数智/LegacyGraph/backend/src/main/java/io/github/legacygraph/test/DbAssertionExecutor.java
/Users/huymac/工作/数智/LegacyGraph/backend/src/main/java/io/github/legacygraph/test/E2eTestExecutor.java
/Users/huymac/工作/数智/LegacyGraph/backend/src/main/java/io/github/legacygraph/util/JwtUtil.java
