/Users/huymac/工作/数智/LegacyGraph/backend/src/test/java/io/github/legacygraph/llm/LlmGatewayTest.java
/Users/huymac/工作/数智/LegacyGraph/backend/src/test/java/io/github/legacygraph/controller/ReportControllerTest.java
/Users/huymac/工作/数智/LegacyGraph/backend/src/test/java/io/github/legacygraph/controller/ReportExportControllerTest.java
/Users/huymac/工作/数智/LegacyGraph/backend/src/test/java/io/github/legacygraph/agent/FeatureMappingAgentTest.java
/Users/huymac/工作/数智/LegacyGraph/backend/src/test/java/io/github/legacygraph/JavaControllerExtractorTest.java
/Users/huymac/工作/数智/LegacyGraph/backend/src/test/java/io/github/legacygraph/test/ApiTestExecutorTest.java
/Users/huymac/工作/数智/LegacyGraph/backend/src/test/java/io/github/legacygraph/service/GraphMergeServiceTest.java
/Users/huymac/工作/数智/LegacyGraph/backend/src/test/java/io/github/legacygraph/SqlTableExtractorTest.java
/Users/huymac/工作/数智/LegacyGraph/backend/src/test/java/io/github/legacygraph/service/SysUserServiceTest.java
/Users/huymac/工作/数智/LegacyGraph/backend/src/test/java/io/github/legacygraph/agent/CodeFactAgentTest.java
/Users/huymac/工作/数智/LegacyGraph/backend/src/test/java/io/github/legacygraph/controller/ScanControllerTest.java
/Users/huymac/工作/数智/LegacyGraph/backend/src/test/java/io/github/legacygraph/VueRouteExtractorTest.java
/Users/huymac/工作/数智/LegacyGraph/backend/src/test/java/io/github/legacygraph/agent/ReviewAgentTest.java
/Users/huymac/工作/数智/LegacyGraph/backend/src/test/java/io/github/legacygraph/service/VectorRetrievalServiceTest.java
/Users/huymac/工作/数智/LegacyGraph/backend/src/test/java/io/github/legacygraph/FrontendGraphBuilderTest.java
/Users/huymac/工作/数智/LegacyGraph/backend/src/test/java/io/github/legacygraph/controller/GraphQueryControllerTest.java
/Users/huymac/工作/数智/LegacyGraph/backend/src/test/java/io/github/legacygraph/test/DbAssertionExecutorTest.java
/Users/huymac/工作/数智/LegacyGraph/backend/src/test/java/io/github/legacygraph/MyBatisXmlExtractorTest.java
/Users/huymac/工作/数智/LegacyGraph/backend/src/test/java/io/github/legacygraph/controller/TestCaseControllerTest.java
/Users/huymac/工作/数智/LegacyGraph/backend/src/test/java/io/github/legacygraph/service/ReportExportServiceTest.java
/Users/huymac/工作/数智/LegacyGraph/backend/src/test/java/io/github/legacygraph/builder/BusinessGraphBuilderTest.java
/Users/huymac/工作/数智/LegacyGraph/backend/src/test/java/io/github/legacygraph/FrontendApiExtractorTest.java
/Users/huymac/工作/数智/LegacyGraph/backend/src/test/java/io/github/legacygraph/controller/SystemControllerTest.java
/Users/huymac/工作/数智/LegacyGraph/backend/src/test/java/io/github/legacygraph/service/ReportingServiceTest.java
/Users/huymac/工作/数智/LegacyGraph/backend/src/test/java/io/github/legacygraph/service/VectorizationServiceTest.java
/Users/huymac/工作/数智/LegacyGraph/backend/src/test/java/io/github/legacygraph/controller/FactControllerTest.java
/Users/huymac/工作/数智/LegacyGraph/backend/src/test/java/io/github/legacygraph/controller/ValidationControllerTest.java
/Users/huymac/工作/数智/LegacyGraph/backend/src/test/java/io/github/legacygraph/ServiceCallExtractorTest.java
/Users/huymac/工作/数智/LegacyGraph/backend/src/test/java/io/github/legacygraph/DocUnderstandingAgentTest.java
/Users/huymac/工作/数智/LegacyGraph/backend/src/test/java/io/github/legacygraph/service/TestResultUpdateServiceTest.java
/Users/huymac/工作/数智/LegacyGraph/backend/src/test/java/io/github/legacygraph/PiiMaskingServiceTest.java
/Users/huymac/工作/数智/LegacyGraph/backend/src/test/java/io/github/legacygraph/controller/VectorControllerTest.java
/Users/huymac/工作/数智/LegacyGraph/backend/src/test/java/io/github/legacygraph/controller/ProjectControllerTest.java
/Users/huymac/工作/数智/LegacyGraph/backend/src/test/java/io/github/legacygraph/llm/PromptTemplateLoaderTest.java
/Users/huymac/工作/数智/LegacyGraph/backend/src/test/java/io/github/legacygraph/GraphBuilderTest.java
/Users/huymac/工作/数智/LegacyGraph/backend/src/test/java/io/github/legacygraph/DocumentExtractorTest.java
/Users/huymac/工作/数智/LegacyGraph/backend/src/test/java/io/github/legacygraph/controller/ReviewControllerTest.java
/Users/huymac/工作/数智/LegacyGraph/backend/src/test/java/io/github/legacygraph/service/Neo4jSyncServiceTest.java
/Users/huymac/工作/数智/LegacyGraph/backend/src/test/java/io/github/legacygraph/service/SysConfigServiceTest.java
/Users/huymac/工作/数智/LegacyGraph/backend/src/test/java/io/github/legacygraph/service/GraphQueryServiceTest.java
/Users/huymac/工作/数智/LegacyGraph/backend/src/test/java/io/github/legacygraph/agent/TestCaseAgentTest.java
/Users/huymac/工作/数智/LegacyGraph/backend/src/test/java/io/github/legacygraph/service/ProjectServiceTest.java
/Users/huymac/工作/数智/LegacyGraph/backend/src/test/java/io/github/legacygraph/controller/LlmAgentControllerTest.java
/Users/huymac/工作/数智/LegacyGraph/backend/src/test/java/io/github/legacygraph/E2eTestExecutorTest.java
/Users/huymac/工作/数智/LegacyGraph/backend/src/test/java/io/github/legacygraph/controller/SourceControllerTest.java
/Users/huymac/工作/数智/LegacyGraph/backend/src/test/java/io/github/legacygraph/service/SysDictServiceTest.java
/Users/huymac/工作/数智/LegacyGraph/backend/src/test/java/io/github/legacygraph/service/GraphValidatorServiceTest.java
/Users/huymac/工作/数智/LegacyGraph/backend/src/test/java/io/github/legacygraph/controller/AuthControllerTest.java
/Users/huymac/工作/数智/LegacyGraph/backend/src/test/java/io/github/legacygraph/controller/AuditLogControllerTest.java
/Users/huymac/工作/数智/LegacyGraph/backend/src/test/java/io/github/legacygraph/service/ScanVersionServiceTest.java
/Users/huymac/工作/数智/LegacyGraph/backend/src/test/java/io/github/legacygraph/service/AuditLogServiceTest.java
